127.0.0.1 - - [17/Jun/2015:19:32:31 -0300] "GET / HTTP/1.1" 200 2000 "-" "Mozilla/5.0 (X11; Ubuntu; Linux x86_64; rv:29.0) Gecko/20100101 Firefox/29.0"
127.0.0.1 - - [17/Jun/2015:19:32:31 -0300] "GET /css/screen.css HTTP/1.1" 200 3150 "http://miapi.com/" "Mozilla/5.0 (X11; Ubuntu; Linux x86_64; rv:29.0) Gecko/20100101 Firefox/29.0"
127.0.0.1 - - [17/Jun/2015:19:32:31 -0300] "GET /css/print.css HTTP/1.1" 200 998 "http://miapi.com/" "Mozilla/5.0 (X11; Ubuntu; Linux x86_64; rv:29.0) Gecko/20100101 Firefox/29.0"
127.0.0.1 - - [17/Jun/2015:19:32:31 -0300] "GET /css/main.css HTTP/1.1" 200 1422 "http://miapi.com/" "Mozilla/5.0 (X11; Ubuntu; Linux x86_64; rv:29.0) Gecko/20100101 Firefox/29.0"
127.0.0.1 - - [17/Jun/2015:19:32:31 -0300] "GET /css/form.css HTTP/1.1" 200 1232 "http://miapi.com/" "Mozilla/5.0 (X11; Ubuntu; Linux x86_64; rv:29.0) Gecko/20100101 Firefox/29.0"
127.0.0.1 - - [17/Jun/2015:19:32:31 -0300] "GET /assets/7924a91/css/bootstrap-yii.css HTTP/1.1" 200 1870 "http://miapi.com/" "Mozilla/5.0 (X11; Ubuntu; Linux x86_64; rv:29.0) Gecko/20100101 Firefox/29.0"
127.0.0.1 - - [17/Jun/2015:19:32:31 -0300] "GET /assets/5380d1d8/estilo.css HTTP/1.1" 200 580 "http://miapi.com/" "Mozilla/5.0 (X11; Ubuntu; Linux x86_64; rv:29.0) Gecko/20100101 Firefox/29.0"
127.0.0.1 - - [17/Jun/2015:19:32:31 -0300] "GET /assets/7924a91/bootstrap/css/bootstrap.min.css HTTP/1.1" 200 21224 "http://miapi.com/" "Mozilla/5.0 (X11; Ubuntu; Linux x86_64; rv:29.0) Gecko/20100101 Firefox/29.0"
127.0.0.1 - - [17/Jun/2015:19:32:31 -0300] "GET /assets/7924a91/js/bootstrap-noconflict.js HTTP/1.1" 200 451 "http://miapi.com/" "Mozilla/5.0 (X11; Ubuntu; Linux x86_64; rv:29.0) Gecko/20100101 Firefox/29.0"
127.0.0.1 - - [17/Jun/2015:19:32:31 -0300] "GET /assets/a3bde8b0/jquery.yii.js HTTP/1.1" 200 944 "http://miapi.com/" "Mozilla/5.0 (X11; Ubuntu; Linux x86_64; rv:29.0) Gecko/20100101 Firefox/29.0"
127.0.0.1 - - [17/Jun/2015:19:32:31 -0300] "GET /assets/7924a91/css/jquery-ui-bootstrap.css HTTP/1.1" 200 9431 "http://miapi.com/" "Mozilla/5.0 (X11; Ubuntu; Linux x86_64; rv:29.0) Gecko/20100101 Firefox/29.0"
127.0.0.1 - - [17/Jun/2015:19:32:31 -0300] "GET /assets/7924a91/bootbox/bootbox.min.js HTTP/1.1" 200 2501 "http://miapi.com/" "Mozilla/5.0 (X11; Ubuntu; Linux x86_64; rv:29.0) Gecko/20100101 Firefox/29.0"
127.0.0.1 - - [17/Jun/2015:19:32:31 -0300] "GET /assets/7924a91/notify/notify.min.js HTTP/1.1" 200 7671 "http://miapi.com/" "Mozilla/5.0 (X11; Ubuntu; Linux x86_64; rv:29.0) Gecko/20100101 Firefox/29.0"
127.0.0.1 - - [17/Jun/2015:19:32:31 -0300] "GET /assets/a3bde8b0/jquery.js HTTP/1.1" 200 84663 "http://miapi.com/" "Mozilla/5.0 (X11; Ubuntu; Linux x86_64; rv:29.0) Gecko/20100101 Firefox/29.0"
127.0.0.1 - - [17/Jun/2015:19:32:31 -0300] "GET /assets/7924a91/bootstrap/js/bootstrap.min.js HTTP/1.1" 200 8005 "http://miapi.com/" "Mozilla/5.0 (X11; Ubuntu; Linux x86_64; rv:29.0) Gecko/20100101 Firefox/29.0"
127.0.0.1 - - [17/Jun/2015:19:32:31 -0300] "GET /images/logo1.jpg HTTP/1.1" 200 4483 "http://miapi.com/" "Mozilla/5.0 (X11; Ubuntu; Linux x86_64; rv:29.0) Gecko/20100101 Firefox/29.0"
127.0.0.1 - - [17/Jun/2015:19:32:31 -0300] "GET /favicon.ico HTTP/1.1" 404 498 "-" "Mozilla/5.0 (X11; Ubuntu; Linux x86_64; rv:29.0) Gecko/20100101 Firefox/29.0"
127.0.0.1 - - [17/Jun/2015:19:32:31 -0300] "GET /favicon.ico HTTP/1.1" 404 498 "-" "Mozilla/5.0 (X11; Ubuntu; Linux x86_64; rv:29.0) Gecko/20100101 Firefox/29.0"
127.0.0.1 - - [17/Jun/2015:19:33:28 -0300] "GET /index.php/reportes HTTP/1.1" 200 3218 "http://miapi.com/" "Mozilla/5.0 (X11; Ubuntu; Linux x86_64; rv:29.0) Gecko/20100101 Firefox/29.0"
127.0.0.1 - - [17/Jun/2015:19:33:28 -0300] "GET /assets/5380d1d8/estilo.css HTTP/1.1" 200 579 "http://miapi.com/index.php/reportes" "Mozilla/5.0 (X11; Ubuntu; Linux x86_64; rv:29.0) Gecko/20100101 Firefox/29.0"
127.0.0.1 - - [17/Jun/2015:19:33:28 -0300] "GET /ProyectoFINAL/index.php/api/users HTTP/1.1" 404 520 "http://miapi.com/index.php/reportes" "Mozilla/5.0 (X11; Ubuntu; Linux x86_64; rv:29.0) Gecko/20100101 Firefox/29.0"
127.0.0.1 - - [17/Jun/2015:19:48:11 -0300] "GET /index.php/api/user HTTP/1.1" 501 264 "http://localhost/feicurza2015/app.html" "Mozilla/5.0 (X11; Ubuntu; Linux x86_64; rv:29.0) Gecko/20100101 Firefox/29.0"
127.0.0.1 - - [17/Jun/2015:19:48:21 -0300] "GET /index.php/api/users HTTP/1.1" 200 489 "http://localhost/feicurza2015/app.html" "Mozilla/5.0 (X11; Ubuntu; Linux x86_64; rv:29.0) Gecko/20100101 Firefox/29.0"
127.0.0.1 - - [17/Jun/2015:19:48:58 -0300] "GET /index.php/api/users HTTP/1.1" 200 489 "http://localhost/feicurza2015/app.html" "Mozilla/5.0 (X11; Ubuntu; Linux x86_64; rv:29.0) Gecko/20100101 Firefox/29.0"
127.0.0.1 - - [17/Jun/2015:19:52:35 -0300] "GET /index.php/reportes HTTP/1.1" 200 3218 "-" "Mozilla/5.0 (X11; Ubuntu; Linux x86_64; rv:29.0) Gecko/20100101 Firefox/29.0"
127.0.0.1 - - [17/Jun/2015:19:52:35 -0300] "GET /assets/5380d1d8/estilo.css HTTP/1.1" 200 579 "http://miapi.com/index.php/reportes" "Mozilla/5.0 (X11; Ubuntu; Linux x86_64; rv:29.0) Gecko/20100101 Firefox/29.0"
127.0.0.1 - - [17/Jun/2015:19:52:36 -0300] "GET /ProyectoFINAL/index.php/api/users HTTP/1.1" 404 520 "http://miapi.com/index.php/reportes" "Mozilla/5.0 (X11; Ubuntu; Linux x86_64; rv:29.0) Gecko/20100101 Firefox/29.0"
192.168.3.5 - - [17/Jun/2015:20:04:26 -0300] "GET /index.php/api/users HTTP/1.1" 200 489 "-" "Mozilla/5.0 (X11; Ubuntu; Linux x86_64; rv:38.0) Gecko/20100101 Firefox/38.0"
127.0.0.1 - - [17/Jun/2015:20:22:34 -0300] "GET /api/users HTTP/1.1" 404 497 "-" "Mozilla/5.0 (X11; Ubuntu; Linux x86_64; rv:29.0) Gecko/20100101 Firefox/29.0"
127.0.0.1 - - [17/Jun/2015:20:22:57 -0300] "GET /index.php/api/users HTTP/1.1" 500 3938 "-" "Mozilla/5.0 (X11; Ubuntu; Linux x86_64; rv:29.0) Gecko/20100101 Firefox/29.0"
127.0.0.1 - - [17/Jun/2015:20:22:57 -0300] "GET /assets/5380d1d8/estilo.css HTTP/1.1" 200 580 "http://miapi.com/index.php/api/users" "Mozilla/5.0 (X11; Ubuntu; Linux x86_64; rv:29.0) Gecko/20100101 Firefox/29.0"
127.0.0.1 - - [17/Jun/2015:20:24:53 -0300] "GET /index.php/api/users/callback HTTP/1.1" 200 498 "-" "Mozilla/5.0 (X11; Ubuntu; Linux x86_64; rv:29.0) Gecko/20100101 Firefox/29.0"
127.0.0.1 - - [17/Jun/2015:20:25:55 -0300] "GET /index.php/api/users/mifunc HTTP/1.1" 200 501 "-" "Mozilla/5.0 (X11; Ubuntu; Linux x86_64; rv:29.0) Gecko/20100101 Firefox/29.0"
192.168.3.5 - - [17/Jun/2015:20:27:01 -0300] "GET /index.php/api/usersi/callback HTTP/1.1" 501 266 "-" "Mozilla/5.0 (X11; Ubuntu; Linux x86_64; rv:38.0) Gecko/20100101 Firefox/38.0"
127.0.0.1 - - [17/Jun/2015:20:27:13 -0300] "GET /index.php/api/users HTTP/1.1" 404 4064 "http://localhost/feicurza2015/app.html" "Mozilla/5.0 (X11; Ubuntu; Linux x86_64; rv:29.0) Gecko/20100101 Firefox/29.0"
192.168.3.5 - - [17/Jun/2015:20:27:41 -0300] "GET /index.php/api/usersi/callback HTTP/1.1" 501 266 "-" "Mozilla/5.0 (X11; Ubuntu; Linux x86_64; rv:38.0) Gecko/20100101 Firefox/38.0"
127.0.0.1 - - [17/Jun/2015:20:27:58 -0300] "GET /index.php/api/users HTTP/1.1" 404 4064 "http://localhost/feicurza2015/app.html" "Mozilla/5.0 (X11; Ubuntu; Linux x86_64; rv:29.0) Gecko/20100101 Firefox/29.0"
192.168.3.5 - - [17/Jun/2015:20:28:03 -0300] "GET /index.php/api/users/callback HTTP/1.1" 200 498 "-" "Mozilla/5.0 (X11; Ubuntu; Linux x86_64; rv:38.0) Gecko/20100101 Firefox/38.0"
192.168.3.5 - - [17/Jun/2015:20:29:21 -0300] "GET /index.php/api/users HTTP/1.1" 404 4064 "-" "Mozilla/5.0 (X11; Ubuntu; Linux x86_64; rv:38.0) Gecko/20100101 Firefox/38.0"
192.168.3.5 - - [17/Jun/2015:20:31:15 -0300] "GET /index.php/api/users/angular.callbacks._0 HTTP/1.1" 404 4085 "-" "Mozilla/5.0 (X11; Ubuntu; Linux x86_64; rv:38.0) Gecko/20100101 Firefox/38.0"
192.168.3.5 - - [17/Jun/2015:20:32:34 -0300] "GET /index.php/api/users/JSON_CALLBACK HTTP/1.1" 200 509 "-" "Mozilla/5.0 (X11; Ubuntu; Linux x86_64; rv:38.0) Gecko/20100101 Firefox/38.0"
192.168.3.5 - - [17/Jun/2015:20:32:35 -0300] "GET /favicon.ico HTTP/1.1" 404 498 "-" "Mozilla/5.0 (X11; Ubuntu; Linux x86_64; rv:38.0) Gecko/20100101 Firefox/38.0"
192.168.3.5 - - [17/Jun/2015:20:32:35 -0300] "GET /favicon.ico HTTP/1.1" 404 498 "-" "Mozilla/5.0 (X11; Ubuntu; Linux x86_64; rv:38.0) Gecko/20100101 Firefox/38.0"
192.168.3.5 - - [17/Jun/2015:20:33:50 -0300] "GET /index.php/api/users/angular.callbacks._0 HTTP/1.1" 404 4085 "-" "Mozilla/5.0 (X11; Ubuntu; Linux x86_64; rv:38.0) Gecko/20100101 Firefox/38.0"
192.168.3.5 - - [17/Jun/2015:20:36:13 -0300] "GET /index.php/api/users/angular.callbacks._0?callback=JSON_CALLBACK HTTP/1.1" 404 4108 "-" "Mozilla/5.0 (X11; Ubuntu; Linux x86_64; rv:38.0) Gecko/20100101 Firefox/38.0"
127.0.0.1 - - [17/Jun/2015:20:36:31 -0300] "GET /index.php/api/users/JSON_CALLBACK HTTP/1.1" 200 509 "-" "Mozilla/5.0 (X11; Ubuntu; Linux x86_64; rv:29.0) Gecko/20100101 Firefox/29.0"
192.168.3.5 - - [17/Jun/2015:20:37:06 -0300] "GET /index.php/api/users/angular.callbacks._0?callback=JSON_CALLBACK HTTP/1.1" 404 4108 "-" "Mozilla/5.0 (X11; Ubuntu; Linux x86_64; rv:38.0) Gecko/20100101 Firefox/38.0"
192.168.3.5 - - [17/Jun/2015:20:37:24 -0300] "GET /index.php/api/users?callback=angular.callbacks._0 HTTP/1.1" 404 4094 "-" "Mozilla/5.0 (X11; Ubuntu; Linux x86_64; rv:38.0) Gecko/20100101 Firefox/38.0"
127.0.0.1 - - [17/Jun/2015:20:38:05 -0300] "GET /index.php/api/users?callback=JSON_CALLBACK HTTP/1.1" 200 509 "-" "Mozilla/5.0 (X11; Ubuntu; Linux x86_64; rv:29.0) Gecko/20100101 Firefox/29.0"
127.0.0.1 - - [17/Jun/2015:20:38:08 -0300] "GET /index.php/api/users?callback=JSON_CALLBACK HTTP/1.1" 200 508 "-" "Mozilla/5.0 (X11; Ubuntu; Linux x86_64; rv:29.0) Gecko/20100101 Firefox/29.0"
127.0.0.1 - - [17/Jun/2015:20:38:15 -0300] "GET /index.php/api/users?callback=JSON_CALLBddACK HTTP/1.1" 200 512 "-" "Mozilla/5.0 (X11; Ubuntu; Linux x86_64; rv:29.0) Gecko/20100101 Firefox/29.0"
192.168.3.5 - - [17/Jun/2015:20:39:14 -0300] "GET /index.php/api/users?callback=angular.callbacks._0 HTTP/1.1" 200 510 "-" "Mozilla/5.0 (X11; Ubuntu; Linux x86_64; rv:38.0) Gecko/20100101 Firefox/38.0"
192.168.3.5 - - [17/Jun/2015:20:40:11 -0300] "GET /index.php/api/users?callback=angular.callbacks._0 HTTP/1.1" 200 510 "-" "Mozilla/5.0 (X11; Ubuntu; Linux x86_64; rv:38.0) Gecko/20100101 Firefox/38.0"
192.168.3.5 - - [17/Jun/2015:20:40:33 -0300] "GET /index.php/api/users?callback=angular.callbacks._0 HTTP/1.1" 200 510 "-" "Mozilla/5.0 (X11; Ubuntu; Linux x86_64; rv:38.0) Gecko/20100101 Firefox/38.0"
127.0.0.1 - - [17/Jun/2015:20:40:56 -0300] "GET /index.php/api/users?callback=JSON_CALLBACK HTTP/1.1" 200 509 "-" "Mozilla/5.0 (X11; Ubuntu; Linux x86_64; rv:29.0) Gecko/20100101 Firefox/29.0"
192.168.3.5 - - [17/Jun/2015:20:41:11 -0300] "GET /index.php/api/users?callback=angular.callbacks._0 HTTP/1.1" 200 510 "-" "Mozilla/5.0 (X11; Ubuntu; Linux x86_64; rv:38.0) Gecko/20100101 Firefox/38.0"
192.168.3.5 - - [17/Jun/2015:20:44:13 -0300] "GET /index.php/api/users?callback=angular.callbacks._0 HTTP/1.1" 200 510 "-" "Mozilla/5.0 (X11; Ubuntu; Linux x86_64; rv:38.0) Gecko/20100101 Firefox/38.0"
127.0.0.1 - - [17/Jun/2015:20:45:34 -0300] "GET /index.php/api/users?callback=angular.callbacks._0 HTTP/1.1" 200 510 "http://localhost/feicurza2015/app.html" "Mozilla/5.0 (X11; Ubuntu; Linux x86_64; rv:29.0) Gecko/20100101 Firefox/29.0"
127.0.0.1 - - [17/Jun/2015:20:45:47 -0300] "GET /index.php/api/users?callback=angular.callbacks._0 HTTP/1.1" 200 510 "http://localhost/feicurza2015/app.html" "Mozilla/5.0 (X11; Ubuntu; Linux x86_64; rv:29.0) Gecko/20100101 Firefox/29.0"
192.168.3.5 - - [17/Jun/2015:20:46:01 -0300] "GET /index.php/api/users?callback=angular.callbacks._0 HTTP/1.1" 200 510 "-" "Mozilla/5.0 (X11; Ubuntu; Linux x86_64; rv:38.0) Gecko/20100101 Firefox/38.0"
127.0.0.1 - - [17/Jun/2015:20:46:18 -0300] "GET /index.php/api/users?callback=angular.callbacks._0 HTTP/1.1" 200 510 "http://localhost/feicurza2015/app.html" "Mozilla/5.0 (X11; Ubuntu; Linux x86_64; rv:29.0) Gecko/20100101 Firefox/29.0"
192.168.3.5 - - [17/Jun/2015:20:49:01 -0300] "GET /index.php/api/users?callback=angular.callbacks._0 HTTP/1.1" 200 510 "-" "Mozilla/5.0 (X11; Ubuntu; Linux x86_64; rv:38.0) Gecko/20100101 Firefox/38.0"
192.168.3.5 - - [17/Jun/2015:20:55:35 -0300] "OPTIONS /index.php/api/views HTTP/1.1" 404 4008 "-" "curl/7.35.0"
192.168.3.5 - - [17/Jun/2015:20:56:10 -0300] "OPTIONS /index.php/api/users HTTP/1.1" 404 4008 "-" "curl/7.35.0"
192.168.3.5 - - [17/Jun/2015:20:57:11 -0300] "OPTIONS /index.php/api/views HTTP/1.1" 404 4008 "-" "curl/7.35.0"
192.168.3.5 - - [17/Jun/2015:20:57:14 -0300] "OPTIONS /index.php/api/views HTTP/1.1" 404 4008 "-" "curl/7.35.0"
192.168.3.5 - - [17/Jun/2015:20:57:23 -0300] "OPTIONS /index.php/api/user/1 HTTP/1.1" 404 4008 "-" "curl/7.35.0"
192.168.3.5 - - [17/Jun/2015:20:57:42 -0300] "GET /index.php/api/user/1 HTTP/1.1" 501 264 "-" "curl/7.35.0"
127.0.0.1 - - [17/Jun/2015:20:57:43 -0300] "GET /index.php/api/users/1 HTTP/1.1" 200 493 "http://localhost/feicurza2015/app.html" "Mozilla/5.0 (X11; Ubuntu; Linux x86_64; rv:29.0) Gecko/20100101 Firefox/29.0"
127.0.0.1 - - [17/Jun/2015:20:57:43 -0300] "GET /index.php/api/users?callback=angular.callbacks._0 HTTP/1.1" 404 4036 "http://localhost/feicurza2015/app.html" "Mozilla/5.0 (X11; Ubuntu; Linux x86_64; rv:29.0) Gecko/20100101 Firefox/29.0"
192.168.3.5 - - [17/Jun/2015:20:58:04 -0300] "GET /index.php/api/users HTTP/1.1" 404 4008 "-" "curl/7.35.0"
127.0.0.1 - - [17/Jun/2015:20:58:04 -0300] "GET /index.php/api/users/1 HTTP/1.1" 200 493 "http://localhost/feicurza2015/app.html" "Mozilla/5.0 (X11; Ubuntu; Linux x86_64; rv:29.0) Gecko/20100101 Firefox/29.0"
127.0.0.1 - - [17/Jun/2015:20:58:04 -0300] "GET /index.php/api/users?callback=angular.callbacks._0 HTTP/1.1" 404 4036 "http://localhost/feicurza2015/app.html" "Mozilla/5.0 (X11; Ubuntu; Linux x86_64; rv:29.0) Gecko/20100101 Firefox/29.0"
192.168.3.5 - - [17/Jun/2015:20:58:19 -0300] "OPTIONS /index.php/api/users HTTP/1.1" 404 4008 "-" "curl/7.35.0"
192.168.3.5 - - [17/Jun/2015:20:58:30 -0300] "GET /index.php/api/user HTTP/1.1" 404 4006 "-" "curl/7.35.0"
192.168.3.5 - - [17/Jun/2015:20:59:14 -0300] "OPTIONS /index.php/api/users HTTP/1.1" 404 4008 "-" "curl/7.35.0"
192.168.3.5 - - [17/Jun/2015:20:59:18 -0300] "OPTIONS /index.php/api/users HTTP/1.1" 404 4008 "-" "curl/7.35.0"
192.168.3.5 - - [17/Jun/2015:20:59:39 -0300] "OPTIONS /index.php/api/users HTTP/1.1" 404 4008 "-" "curl/7.35.0"
127.0.0.1 - - [17/Jun/2015:20:59:40 -0300] "GET /index.php/api/users?callback=angular.callbacks._0 HTTP/1.1" 404 4036 "http://localhost/feicurza2015/app.html" "Mozilla/5.0 (X11; Ubuntu; Linux x86_64; rv:29.0) Gecko/20100101 Firefox/29.0"
127.0.0.1 - - [17/Jun/2015:21:00:23 -0300] "GET /index.php/api/users?callback=angular.callbacks._0 HTTP/1.1" 404 4036 "http://localhost/feicurza2015/app.html" "Mozilla/5.0 (X11; Ubuntu; Linux x86_64; rv:29.0) Gecko/20100101 Firefox/29.0"
192.168.3.5 - - [17/Jun/2015:21:00:45 -0300] "GET /index.php/api/users HTTP/1.1" 404 4008 "-" "curl/7.35.0"
192.168.3.5 - - [17/Jun/2015:21:00:51 -0300] "GET /index.php/api/user/1 HTTP/1.1" 501 264 "-" "curl/7.35.0"
127.0.0.1 - - [17/Jun/2015:21:00:59 -0300] "GET /index.php/api/users?callback=JSON_CALLBACK HTTP/1.1" 404 4029 "-" "Mozilla/5.0 (X11; Ubuntu; Linux x86_64; rv:29.0) Gecko/20100101 Firefox/29.0"
127.0.0.1 - - [17/Jun/2015:21:00:59 -0300] "GET /css/print.css HTTP/1.1" 200 998 "http://miapi.com/index.php/api/users?callback=JSON_CALLBACK" "Mozilla/5.0 (X11; Ubuntu; Linux x86_64; rv:29.0) Gecko/20100101 Firefox/29.0"
127.0.0.1 - - [17/Jun/2015:21:00:59 -0300] "GET /css/main.css HTTP/1.1" 200 1422 "http://miapi.com/index.php/api/users?callback=JSON_CALLBACK" "Mozilla/5.0 (X11; Ubuntu; Linux x86_64; rv:29.0) Gecko/20100101 Firefox/29.0"
127.0.0.1 - - [17/Jun/2015:21:00:59 -0300] "GET /css/screen.css HTTP/1.1" 200 3150 "http://miapi.com/index.php/api/users?callback=JSON_CALLBACK" "Mozilla/5.0 (X11; Ubuntu; Linux x86_64; rv:29.0) Gecko/20100101 Firefox/29.0"
127.0.0.1 - - [17/Jun/2015:21:00:59 -0300] "GET /css/form.css HTTP/1.1" 200 1233 "http://miapi.com/index.php/api/users?callback=JSON_CALLBACK" "Mozilla/5.0 (X11; Ubuntu; Linux x86_64; rv:29.0) Gecko/20100101 Firefox/29.0"
127.0.0.1 - - [17/Jun/2015:21:00:59 -0300] "GET /assets/5380d1d8/estilo.css HTTP/1.1" 200 579 "http://miapi.com/index.php/api/users?callback=JSON_CALLBACK" "Mozilla/5.0 (X11; Ubuntu; Linux x86_64; rv:29.0) Gecko/20100101 Firefox/29.0"
127.0.0.1 - - [17/Jun/2015:21:00:59 -0300] "GET /assets/7924a91/css/bootstrap-yii.css HTTP/1.1" 200 1870 "http://miapi.com/index.php/api/users?callback=JSON_CALLBACK" "Mozilla/5.0 (X11; Ubuntu; Linux x86_64; rv:29.0) Gecko/20100101 Firefox/29.0"
127.0.0.1 - - [17/Jun/2015:21:00:59 -0300] "GET /assets/7924a91/bootstrap/css/bootstrap.min.css HTTP/1.1" 200 21225 "http://miapi.com/index.php/api/users?callback=JSON_CALLBACK" "Mozilla/5.0 (X11; Ubuntu; Linux x86_64; rv:29.0) Gecko/20100101 Firefox/29.0"
127.0.0.1 - - [17/Jun/2015:21:00:59 -0300] "GET /assets/7924a91/css/jquery-ui-bootstrap.css HTTP/1.1" 200 9431 "http://miapi.com/index.php/api/users?callback=JSON_CALLBACK" "Mozilla/5.0 (X11; Ubuntu; Linux x86_64; rv:29.0) Gecko/20100101 Firefox/29.0"
127.0.0.1 - - [17/Jun/2015:21:00:59 -0300] "GET /assets/7924a91/js/bootstrap-noconflict.js HTTP/1.1" 200 452 "http://miapi.com/index.php/api/users?callback=JSON_CALLBACK" "Mozilla/5.0 (X11; Ubuntu; Linux x86_64; rv:29.0) Gecko/20100101 Firefox/29.0"
127.0.0.1 - - [17/Jun/2015:21:00:59 -0300] "GET /assets/7924a91/bootbox/bootbox.min.js HTTP/1.1" 200 2501 "http://miapi.com/index.php/api/users?callback=JSON_CALLBACK" "Mozilla/5.0 (X11; Ubuntu; Linux x86_64; rv:29.0) Gecko/20100101 Firefox/29.0"
127.0.0.1 - - [17/Jun/2015:21:00:59 -0300] "GET /assets/7924a91/bootstrap/js/bootstrap.min.js HTTP/1.1" 200 8004 "http://miapi.com/index.php/api/users?callback=JSON_CALLBACK" "Mozilla/5.0 (X11; Ubuntu; Linux x86_64; rv:29.0) Gecko/20100101 Firefox/29.0"
127.0.0.1 - - [17/Jun/2015:21:00:59 -0300] "GET /assets/a3bde8b0/jquery.yii.js HTTP/1.1" 200 944 "http://miapi.com/index.php/api/users?callback=JSON_CALLBACK" "Mozilla/5.0 (X11; Ubuntu; Linux x86_64; rv:29.0) Gecko/20100101 Firefox/29.0"
127.0.0.1 - - [17/Jun/2015:21:00:59 -0300] "GET /assets/7924a91/notify/notify.min.js HTTP/1.1" 200 7671 "http://miapi.com/index.php/api/users?callback=JSON_CALLBACK" "Mozilla/5.0 (X11; Ubuntu; Linux x86_64; rv:29.0) Gecko/20100101 Firefox/29.0"
127.0.0.1 - - [17/Jun/2015:21:00:59 -0300] "GET /assets/a3bde8b0/jquery.js HTTP/1.1" 200 84662 "http://miapi.com/index.php/api/users?callback=JSON_CALLBACK" "Mozilla/5.0 (X11; Ubuntu; Linux x86_64; rv:29.0) Gecko/20100101 Firefox/29.0"
127.0.0.1 - - [17/Jun/2015:21:00:59 -0300] "GET /images/logo1.jpg HTTP/1.1" 304 180 "http://miapi.com/index.php/api/users?callback=JSON_CALLBACK" "Mozilla/5.0 (X11; Ubuntu; Linux x86_64; rv:29.0) Gecko/20100101 Firefox/29.0"
127.0.0.1 - - [17/Jun/2015:21:01:39 -0300] "GET /index.php/api/users?callback=JSON_CALLBACK HTTP/1.1" 200 509 "-" "Mozilla/5.0 (X11; Ubuntu; Linux x86_64; rv:29.0) Gecko/20100101 Firefox/29.0"
192.168.3.5 - - [17/Jun/2015:21:01:46 -0300] "OPTIONS /index.php/api/users HTTP/1.1" 404 4008 "-" "curl/7.35.0"
192.168.3.5 - - [17/Jun/2015:21:02:04 -0300] "OPTIONS /index.php/api/user/1 HTTP/1.1" 404 4008 "-" "curl/7.35.0"
127.0.0.1 - - [17/Jun/2015:21:02:40 -0300] "GET /index.php/api/users?callback=JSON_CALLBACK HTTP/1.1" 200 509 "-" "Mozilla/5.0 (X11; Ubuntu; Linux x86_64; rv:29.0) Gecko/20100101 Firefox/29.0"
127.0.0.1 - - [17/Jun/2015:21:02:44 -0300] "GET /index.php/api/users/1 HTTP/1.1" 200 416 "http://localhost/feicurza2015/app.html" "Mozilla/5.0 (X11; Ubuntu; Linux x86_64; rv:29.0) Gecko/20100101 Firefox/29.0"
127.0.0.1 - - [17/Jun/2015:21:02:44 -0300] "GET /index.php/api/users?callback=angular.callbacks._0 HTTP/1.1" 200 509 "http://localhost/feicurza2015/app.html" "Mozilla/5.0 (X11; Ubuntu; Linux x86_64; rv:29.0) Gecko/20100101 Firefox/29.0"
192.168.3.5 - - [17/Jun/2015:21:02:44 -0300] "OPTIONS /index.php/api/users HTTP/1.1" 404 4008 "-" "curl/7.35.0"
192.168.3.5 - - [17/Jun/2015:21:02:47 -0300] "OPTIONS /index.php/api/users HTTP/1.1" 404 4008 "-" "curl/7.35.0"
192.168.3.5 - - [17/Jun/2015:21:02:49 -0300] "OPTIONS /index.php/api/user/1 HTTP/1.1" 404 4008 "-" "curl/7.35.0"
192.168.3.5 - - [17/Jun/2015:21:03:04 -0300] "OPTIONS /index.php/api/users/1 HTTP/1.1" 404 4010 "-" "curl/7.35.0"
192.168.3.5 - - [17/Jun/2015:21:03:12 -0300] "GET /index.php/api/users/1 HTTP/1.1" 200 356 "-" "curl/7.35.0"
127.0.0.1 - - [17/Jun/2015:21:04:02 -0300] "GET /index.php/api/users?callback=angular.callbacks._0 HTTP/1.1" 200 510 "http://localhost/feicurza2015/app.html" "Mozilla/5.0 (X11; Ubuntu; Linux x86_64; rv:29.0) Gecko/20100101 Firefox/29.0"
127.0.0.1 - - [17/Jun/2015:21:04:02 -0300] "GET /index.php/api/users HTTP/1.1" 500 3996 "http://localhost/feicurza2015/app.html" "Mozilla/5.0 (X11; Ubuntu; Linux x86_64; rv:29.0) Gecko/20100101 Firefox/29.0"
192.168.3.5 - - [17/Jun/2015:21:05:17 -0300] "GET /index.php/api/users/2 HTTP/1.1" 200 362 "-" "curl/7.35.0"
127.0.0.1 - - [17/Jun/2015:21:05:56 -0300] "GET /index.php/api/users/1 HTTP/1.1" 200 416 "http://localhost/feicurza2015/app.html" "Mozilla/5.0 (X11; Ubuntu; Linux x86_64; rv:29.0) Gecko/20100101 Firefox/29.0"
127.0.0.1 - - [17/Jun/2015:21:05:56 -0300] "GET /index.php/api/users?callback=angular.callbacks._0 HTTP/1.1" 200 510 "http://localhost/feicurza2015/app.html" "Mozilla/5.0 (X11; Ubuntu; Linux x86_64; rv:29.0) Gecko/20100101 Firefox/29.0"
192.168.3.5 - - [17/Jun/2015:21:06:17 -0300] "GET /index.php/api/users/10 HTTP/1.1" 404 231 "-" "curl/7.35.0"
192.168.3.5 - - [17/Jun/2015:21:06:23 -0300] "GET /index.php/api/users/3 HTTP/1.1" 200 353 "-" "curl/7.35.0"
192.168.3.5 - - [17/Jun/2015:21:06:27 -0300] "GET /index.php/api/users/5 HTTP/1.1" 404 230 "-" "curl/7.35.0"
192.168.3.5 - - [17/Jun/2015:21:06:31 -0300] "GET /index.php/api/users/4 HTTP/1.1" 404 230 "-" "curl/7.35.0"
192.168.3.5 - - [17/Jun/2015:21:06:34 -0300] "GET /index.php/api/users/3 HTTP/1.1" 200 353 "-" "curl/7.35.0"
